---
source: pathvector/src/dashboard.rs
assertion_line: 607
expression: output
---
"┌ Routes ────────────────────────────────────────────────────────────────────────────────┐"
"│PREFIX             PEER             NEXT-HOP         AS-PATH              ORIGIN  MED   │"
"│                                                                                        │"
"│                                                                                        │"
"│                                                                                        │"
"└────────────────────────────────────────────────────────────────────────────────────────┘"
