---
source: pathvector/src/dashboard.rs
assertion_line: 568
expression: output
---
"┌ Peers ───────────────────────────────────────────────────────────────────────┐"
"│ADDRESS          REMOTE-AS  TYPE  STATE        UPTIME    RCV   ACC   ADV      │"
"│                                                                              │"
"│                                                                              │"
"│                                                                              │"
"└──────────────────────────────────────────────────────────────────────────────┘"
