---
source: pathvector/src/dashboard.rs
expression: output
---
"┌ Peers ───────────────────────────────────────────────────────────────────────┐"
"│ADDRESS          REMOTE-AS  TYPE  STATE        UPTIME    RCV   ACC   ADV      │"
"│                                                                              │"
"│                                                                              │"
"│                                                                              │"
"└──────────────────────────────────────────────────────────────────────────────┘"
"┌ Routes ──────────────────────────────────────────────────────────────────────┐"
"│PREFIX         PEER          NEXT-HOP       AS-PATH              ORIGIN MED   │"
"│                                                                              │"
"│                                                                              │"
"│                                                                              │"
"│                                                                              │"
"│                                                                              │"
"│                                                                              │"
"│                                                                              │"
"│                                                                              │"
"│                                                                              │"
"│                                                                              │"
"└──────────────────────────────────────────────────────────────────────────────┘"
" Daemon: http://127.0.0.1:50051 | ● Live | q: quit                              "
